[dotenv@17.2.4] injecting env (6) from .env -- tip: ≡ƒùé∩╕Å backup and recover secrets: https://dotenvx.com/ops
Testing model: google/gemini-2.0-flash-lite-preview-02-05:free...
node : Error for google/
gemini-2.0-flash-lite-pr
eview-02-05:free: 400 go
ogle/gemini-2.0-flash-li
te-preview-02-05:free 
is not a valid model ID
At line:1 char:1
+ node test_ai.js > 
test_output.txt 2>&1
+ ~~~~~~~~~~~~~~~~~~~~~~
~~~~~~~~~~~~~~~~
    + CategoryInfo      
        : NotSpecified  
  : (Error for googl.   
 .. valid model ID:S    
tring) [], RemoteEx    
ception
    + FullyQualifiedErr 
   orId : NativeComman  
  dError
 
Testing model: meta-llama/llama-3.2-3b-instruct:free...
Error for meta-llama/lla
ma-3.2-3b-instruct:free:
 429 Provider returned 
error
Testing model: qwen/qwen-2.5-72b-instruct:free...
Error for qwen/qwen-2.5-
72b-instruct:free: 404 
No endpoints found for q
wen/qwen-2.5-72b-instruc
t:free.
Testing model: google/gemma-2-9b-it:free...
Error for google/gemma-2
-9b-it:free: 404 No 
endpoints found for goog
le/gemma-2-9b-it:free.
Testing model: openai/gpt-oss-120b:free...
Error for openai/gpt-oss
-120b:free: 404 No 
endpoints available 
matching your guardrail 
restrictions and data 
policy. Configure: https
://openrouter.ai/setting
s/privacy
